%!Adobe-FontList 1.20
%Locale:0x412

%BeginFont
Handler:DirectoryHandler
FontType:Invalid
OutlineFileName:C:\Users\std\Desktop\포폴\Font\Pretendard-1.3.9\LICENSE.txt
FileModTime:1732068136
%EndFont

%BeginFont
Handler:DirectoryHandler
FontType:Invalid
OutlineFileName:C:\Users\std\Desktop\포폴\Font\cherolina\Cherolina (Read First).txt
FileModTime:1732068136
%EndFont

%BeginFont
Handler:DirectoryHandler
FontType:Type1
FontName:Cherolina
FamilyName:Cherolina
StyleName:Regular
FullName:Cherolina
MenuName:Cherolina
StyleBits:0
WritingScript:Roman
OutlineFileName:C:\Users\std\Desktop\포폴\Font\cherolina\Cherolina.otf
DataFormat:sfntData
UsesStandardEncoding:yes
isCFF:yes
hasSVG:no
VariableFontType:NonVariableFont
FileLength:92576
FileModTime:1732068136
WeightClass:400
WidthClass:5
AngleClass:0
NameArray:0,Win,1,Cherolina
%EndFont

%BeginFont
Handler:DirectoryHandler
FontType:Invalid
OutlineFileName:C:\Users\std\Desktop\포폴\Font\cherolina\Cherolina.png
FileModTime:1732068136
%EndFont

%BeginFont
Handler:DirectoryHandler
FontType:TrueType
FontName:Cherolina
FamilyName:Cherolina
StyleName:Regular
FullName:Cherolina
MenuName:Cherolina
StyleBits:0
WritingScript:Roman
OutlineFileName:C:\Users\std\Desktop\포폴\Font\cherolina\Cherolina.ttf
DataFormat:sfntData
hasSVG:no
VariableFontType:NonVariableFont
FileLength:69856
FileModTime:1732068136
WeightClass:400
WidthClass:5
AngleClass:0
NameArray:0,Win,1,Cherolina
%EndFont

